// Vitest Snapshot v1, https://vitest.dev/guide/snapshot.html

exports[`CSS — hover > shows hover info for a CSS property > hover-property 1`] = `
"Hover info at fixtures/valid.css:8:3:

Specifies how flex items are placed in the flex container, by setting the direction of the flex container's main axis.

Widely available across major browsers (Baseline since 2015)

Syntax: row | row-reverse | column | column-reverse

MDN Reference: https://developer.mozilla.org/docs/Web/CSS/Reference/Properties/flex-direction

Range: line 8:3 to line 8:25"
`;
