// Vitest Snapshot v1, https://vitest.dev/guide/snapshot.html

exports[`JSON — document-symbols > lists document symbols in JSON > document-symbols 1`] = `
"Document symbols for fixtures/valid.json:
4 symbols found

  String name (line 2)
  String version (line 3)
  Module dependencies (line 4)
  String lodash (line 5)"
`;
