// Vitest Snapshot v1, https://vitest.dev/guide/snapshot.html

exports[`TypeScript — hover > shows type info for a class > hover-class 1`] = `
"Hover info at fixtures/valid.ts:9:15:


\`\`\`typescript
class Calculator
\`\`\`


Range: line 9:14 to line 9:24"
`;

exports[`TypeScript — hover > shows type info for a function > hover-function 1`] = `
"Hover info at fixtures/valid.ts:1:18:


\`\`\`typescript
function greet(name: string): string
\`\`\`


Range: line 1:17 to line 1:22"
`;

exports[`TypeScript — hover > shows type info for a variable > hover-variable 1`] = `
"Hover info at fixtures/references.ts:3:7:


\`\`\`typescript
const message: string
\`\`\`


Range: line 3:7 to line 3:14"
`;
