// Vitest Snapshot v1, https://vitest.dev/guide/snapshot.html

exports[`TypeScript — status, errors, rename > shows no servers before any commands > status-no-servers 1`] = `"No LSP servers running."`;

exports[`TypeScript — status, errors, rename > shows running server after a file command > status-with-server 1`] = `"typescript: running (pid: <PID>)"`;
