// Vitest Snapshot v1, https://vitest.dev/guide/snapshot.html

exports[`Svelte — find-references > finds references to increment function > references-to-increment 1`] = `
"References found: 3 locations

  <ROOT>/fixtures/references.svelte:6:12
  <ROOT>/fixtures/references.svelte:14:3
  <ROOT>/fixtures/references.svelte:18:19"
`;
