// Vitest Snapshot v1, https://vitest.dev/guide/snapshot.html

exports[`Rust — find-calls > shows call hierarchy for Calculator::add method > calls-calculator-add 1`] = `
"Call hierarchy for "add" in src/main.rs:18:8

─── Incoming Calls (1) ───
  main — <ROOT>/src/main.rs:24
    at line 29"
`;

exports[`Rust — find-calls > shows call hierarchy for greet function > calls-greet 1`] = `"No call hierarchy available at this position. Place cursor on a function/method name."`;
