// Vitest Snapshot v1, https://vitest.dev/guide/snapshot.html

exports[`Rust — find-symbols > finds symbols matching 'Calculator' > symbols-calculator 1`] = `
"Symbols matching "Calculator": 1

  Calculator (Struct) — <ROOT>/src/main.rs:9"
`;

exports[`Rust — find-symbols > finds symbols matching 'greet' > symbols-greet 1`] = `"No symbols found matching "greet"."`;
